2026-03-12 16:33:27 | Modo de trabajo: IB - Datos cargados con éxito
2026-03-12 16:33:39 | 
📊 Precio actual: 1.36223 | High anterior: 1.36342 | Low anterior: 1.35767 | ATR: 0.00017 | Buffer: 0.00002
2026-03-12 16:33:39 | ⏸️ No hay señal de breakout.
2026-03-12 16:33:39 | 🔍 Esperando condiciones de entrada...
2026-03-12 16:33:39 | 📌 Precio debe superar 1.39068 para BUY o caer por debajo de 1.35700 para SELL.
2026-03-12 16:33:41 | 🛑 Bot detenido manualmente por el usuario.
2026-03-12 16:33:55 | Disconnecting from 127.0.0.1:7498, 865 B sent in 12 messages, 1.56 MB received in 828 messages, session time 50.9 s.
2026-03-12 16:33:55 | Disconnecting
2026-03-12 16:33:55 | Disconnected.
2026-03-12 18:05:44 | Modo de trabajo: IB - Datos cargados con éxito
2026-03-12 18:05:55 | 
📊 Precio actual: 1.36224 | High anterior: 1.36342 | Low anterior: 1.35767 | ATR: 0.00018 | Buffer: 0.00002
2026-03-12 18:05:55 | ⏸️ No hay señal de breakout.
2026-03-12 18:05:55 | 🔍 Esperando condiciones de entrada...
2026-03-12 18:05:55 | 📌 Precio debe superar 1.39068 para BUY o caer por debajo de 1.35700 para SELL.
2026-03-12 18:05:57 | 
📊 Precio actual: 1.36224 | High anterior: 1.36342 | Low anterior: 1.35767 | ATR: 0.00018 | Buffer: 0.00002
2026-03-12 18:05:57 | ⏸️ No hay señal de breakout.
2026-03-12 18:05:57 | 🔍 Esperando condiciones de entrada...
2026-03-12 18:05:57 | 📌 Precio debe superar 1.39068 para BUY o caer por debajo de 1.35700 para SELL.
2026-03-12 18:05:59 | 
📊 Precio actual: 1.36224 | High anterior: 1.36342 | Low anterior: 1.35767 | ATR: 0.00018 | Buffer: 0.00002
2026-03-12 18:05:59 | ⏸️ No hay señal de breakout.
2026-03-12 18:05:59 | 🔍 Esperando condiciones de entrada...
2026-03-12 18:05:59 | 📌 Precio debe superar 1.39068 para BUY o caer por debajo de 1.35700 para SELL.
2026-03-12 18:06:01 | 
📊 Precio actual: 1.36224 | High anterior: 1.36342 | Low anterior: 1.35767 | ATR: 0.00018 | Buffer: 0.00002
2026-03-12 18:06:01 | ⏸️ No hay señal de breakout.
2026-03-12 18:06:01 | 🔍 Esperando condiciones de entrada...
2026-03-12 18:06:01 | 📌 Precio debe superar 1.39068 para BUY o caer por debajo de 1.35700 para SELL.
2026-03-12 18:06:03 | 
📊 Precio actual: 1.36224 | High anterior: 1.36342 | Low anterior: 1.35767 | ATR: 0.00018 | Buffer: 0.00002
2026-03-12 18:06:03 | ⏸️ No hay señal de breakout.
2026-03-12 18:06:03 | 🔍 Esperando condiciones de entrada...
2026-03-12 18:06:03 | 📌 Precio debe superar 1.39068 para BUY o caer por debajo de 1.35700 para SELL.
2026-03-12 18:06:05 | 
📊 Precio actual: 1.36224 | High anterior: 1.36342 | Low anterior: 1.35767 | ATR: 0.00018 | Buffer: 0.00002
2026-03-12 18:06:05 | ⏸️ No hay señal de breakout.
2026-03-12 18:06:05 | 🔍 Esperando condiciones de entrada...
2026-03-12 18:06:05 | 📌 Precio debe superar 1.39068 para BUY o caer por debajo de 1.35700 para SELL.
2026-03-12 18:06:07 | 
📊 Precio actual: 1.36224 | High anterior: 1.36342 | Low anterior: 1.35767 | ATR: 0.00018 | Buffer: 0.00002
2026-03-12 18:06:07 | ⏸️ No hay señal de breakout.
2026-03-12 18:06:07 | 🔍 Esperando condiciones de entrada...
2026-03-12 18:06:07 | 📌 Precio debe superar 1.39068 para BUY o caer por debajo de 1.35700 para SELL.
2026-03-12 18:06:09 | 
📊 Precio actual: 1.36224 | High anterior: 1.36342 | Low anterior: 1.35767 | ATR: 0.00018 | Buffer: 0.00002
2026-03-12 18:06:09 | ⏸️ No hay señal de breakout.
2026-03-12 18:06:09 | 🔍 Esperando condiciones de entrada...
2026-03-12 18:06:09 | 📌 Precio debe superar 1.39068 para BUY o caer por debajo de 1.35700 para SELL.
2026-03-12 18:06:11 | 
📊 Precio actual: 1.36224 | High anterior: 1.36342 | Low anterior: 1.35767 | ATR: 0.00018 | Buffer: 0.00002
2026-03-12 18:06:11 | ⏸️ No hay señal de breakout.
2026-03-12 18:06:11 | 🔍 Esperando condiciones de entrada...
2026-03-12 18:06:11 | 📌 Precio debe superar 1.39068 para BUY o caer por debajo de 1.35700 para SELL.
2026-03-12 18:06:13 | 
📊 Precio actual: 1.36224 | High anterior: 1.36342 | Low anterior: 1.35767 | ATR: 0.00018 | Buffer: 0.00002
2026-03-12 18:06:13 | ⏸️ No hay señal de breakout.
2026-03-12 18:06:13 | 🔍 Esperando condiciones de entrada...
2026-03-12 18:06:13 | 📌 Precio debe superar 1.39068 para BUY o caer por debajo de 1.35700 para SELL.
2026-03-12 18:06:15 | 
📊 Precio actual: 1.36224 | High anterior: 1.36342 | Low anterior: 1.35767 | ATR: 0.00018 | Buffer: 0.00002
2026-03-12 18:06:15 | ⏸️ No hay señal de breakout.
2026-03-12 18:06:15 | 🔍 Esperando condiciones de entrada...
2026-03-12 18:06:15 | 📌 Precio debe superar 1.39068 para BUY o caer por debajo de 1.35700 para SELL.
2026-03-12 18:06:17 | 
📊 Precio actual: 1.36224 | High anterior: 1.36342 | Low anterior: 1.35767 | ATR: 0.00018 | Buffer: 0.00002
2026-03-12 18:06:17 | ⏸️ No hay señal de breakout.
2026-03-12 18:06:17 | 🔍 Esperando condiciones de entrada...
2026-03-12 18:06:17 | 📌 Precio debe superar 1.39068 para BUY o caer por debajo de 1.35700 para SELL.
2026-03-12 18:06:19 | 
📊 Precio actual: 1.36224 | High anterior: 1.36342 | Low anterior: 1.35767 | ATR: 0.00018 | Buffer: 0.00002
2026-03-12 18:06:19 | ⏸️ No hay señal de breakout.
2026-03-12 18:06:19 | 🔍 Esperando condiciones de entrada...
2026-03-12 18:06:19 | 📌 Precio debe superar 1.39068 para BUY o caer por debajo de 1.35700 para SELL.
2026-03-12 18:06:21 | 
📊 Precio actual: 1.36224 | High anterior: 1.36342 | Low anterior: 1.35767 | ATR: 0.00018 | Buffer: 0.00002
2026-03-12 18:06:21 | ⏸️ No hay señal de breakout.
2026-03-12 18:06:21 | 🔍 Esperando condiciones de entrada...
2026-03-12 18:06:21 | 📌 Precio debe superar 1.39068 para BUY o caer por debajo de 1.35700 para SELL.
2026-03-12 18:06:23 | 
📊 Precio actual: 1.36224 | High anterior: 1.36342 | Low anterior: 1.35767 | ATR: 0.00018 | Buffer: 0.00002
2026-03-12 18:06:23 | ⏸️ No hay señal de breakout.
2026-03-12 18:06:23 | 🔍 Esperando condiciones de entrada...
2026-03-12 18:06:23 | 📌 Precio debe superar 1.39068 para BUY o caer por debajo de 1.35700 para SELL.
2026-03-12 18:06:25 | 
📊 Precio actual: 1.36224 | High anterior: 1.36342 | Low anterior: 1.35767 | ATR: 0.00018 | Buffer: 0.00002
2026-03-12 18:06:25 | ⏸️ No hay señal de breakout.
2026-03-12 18:06:25 | 🔍 Esperando condiciones de entrada...
2026-03-12 18:06:25 | 📌 Precio debe superar 1.39068 para BUY o caer por debajo de 1.35700 para SELL.
2026-03-12 18:06:27 | 
📊 Precio actual: 1.36224 | High anterior: 1.36342 | Low anterior: 1.35767 | ATR: 0.00018 | Buffer: 0.00002
2026-03-12 18:06:27 | ⏸️ No hay señal de breakout.
2026-03-12 18:06:27 | 🔍 Esperando condiciones de entrada...
2026-03-12 18:06:27 | 📌 Precio debe superar 1.39068 para BUY o caer por debajo de 1.35700 para SELL.
2026-03-12 18:06:29 | 
📊 Precio actual: 1.36224 | High anterior: 1.36342 | Low anterior: 1.35767 | ATR: 0.00018 | Buffer: 0.00002
2026-03-12 18:06:29 | ⏸️ No hay señal de breakout.
2026-03-12 18:06:29 | 🔍 Esperando condiciones de entrada...
2026-03-12 18:06:29 | 📌 Precio debe superar 1.39068 para BUY o caer por debajo de 1.35700 para SELL.
2026-03-12 18:06:31 | 
📊 Precio actual: 1.36224 | High anterior: 1.36342 | Low anterior: 1.35767 | ATR: 0.00018 | Buffer: 0.00002
2026-03-12 18:06:31 | ⏸️ No hay señal de breakout.
2026-03-12 18:06:31 | 🔍 Esperando condiciones de entrada...
2026-03-12 18:06:31 | 📌 Precio debe superar 1.39068 para BUY o caer por debajo de 1.35700 para SELL.
2026-03-12 18:06:33 | 
📊 Precio actual: 1.36224 | High anterior: 1.36342 | Low anterior: 1.35767 | ATR: 0.00018 | Buffer: 0.00002
2026-03-12 18:06:33 | ⏸️ No hay señal de breakout.
2026-03-12 18:06:33 | 🔍 Esperando condiciones de entrada...
2026-03-12 18:06:33 | 📌 Precio debe superar 1.39068 para BUY o caer por debajo de 1.35700 para SELL.
2026-03-12 18:06:35 | 
📊 Precio actual: 1.36224 | High anterior: 1.36342 | Low anterior: 1.35767 | ATR: 0.00018 | Buffer: 0.00002
2026-03-12 18:06:35 | ⏸️ No hay señal de breakout.
2026-03-12 18:06:35 | 🔍 Esperando condiciones de entrada...
2026-03-12 18:06:35 | 📌 Precio debe superar 1.39068 para BUY o caer por debajo de 1.35700 para SELL.
2026-03-12 18:06:37 | 
📊 Precio actual: 1.36224 | High anterior: 1.36342 | Low anterior: 1.35767 | ATR: 0.00018 | Buffer: 0.00002
2026-03-12 18:06:37 | ⏸️ No hay señal de breakout.
2026-03-12 18:06:37 | 🔍 Esperando condiciones de entrada...
2026-03-12 18:06:37 | 📌 Precio debe superar 1.39068 para BUY o caer por debajo de 1.35700 para SELL.
2026-03-12 18:06:39 | 
📊 Precio actual: 1.36224 | High anterior: 1.36342 | Low anterior: 1.35767 | ATR: 0.00018 | Buffer: 0.00002
2026-03-12 18:06:39 | ⏸️ No hay señal de breakout.
2026-03-12 18:06:39 | 🔍 Esperando condiciones de entrada...
2026-03-12 18:06:39 | 📌 Precio debe superar 1.39068 para BUY o caer por debajo de 1.35700 para SELL.
2026-03-12 18:06:41 | 
📊 Precio actual: 1.36224 | High anterior: 1.36342 | Low anterior: 1.35767 | ATR: 0.00018 | Buffer: 0.00002
2026-03-12 18:06:41 | ⏸️ No hay señal de breakout.
2026-03-12 18:06:41 | 🔍 Esperando condiciones de entrada...
2026-03-12 18:06:41 | 📌 Precio debe superar 1.39068 para BUY o caer por debajo de 1.35700 para SELL.
2026-03-12 18:06:43 | 
📊 Precio actual: 1.36224 | High anterior: 1.36342 | Low anterior: 1.35767 | ATR: 0.00018 | Buffer: 0.00002
2026-03-12 18:06:43 | ⏸️ No hay señal de breakout.
2026-03-12 18:06:43 | 🔍 Esperando condiciones de entrada...
2026-03-12 18:06:43 | 📌 Precio debe superar 1.39068 para BUY o caer por debajo de 1.35700 para SELL.
2026-03-12 18:06:45 | 
📊 Precio actual: 1.36224 | High anterior: 1.36342 | Low anterior: 1.35767 | ATR: 0.00018 | Buffer: 0.00002
2026-03-12 18:06:45 | ⏸️ No hay señal de breakout.
2026-03-12 18:06:45 | 🔍 Esperando condiciones de entrada...
2026-03-12 18:06:45 | 📌 Precio debe superar 1.39068 para BUY o caer por debajo de 1.35700 para SELL.
2026-03-12 18:06:47 | 
📊 Precio actual: 1.36224 | High anterior: 1.36342 | Low anterior: 1.35767 | ATR: 0.00018 | Buffer: 0.00002
2026-03-12 18:06:47 | ⏸️ No hay señal de breakout.
2026-03-12 18:06:47 | 🔍 Esperando condiciones de entrada...
2026-03-12 18:06:47 | 📌 Precio debe superar 1.39068 para BUY o caer por debajo de 1.35700 para SELL.
2026-03-12 18:06:49 | 
📊 Precio actual: 1.36224 | High anterior: 1.36342 | Low anterior: 1.35767 | ATR: 0.00018 | Buffer: 0.00002
2026-03-12 18:06:49 | ⏸️ No hay señal de breakout.
2026-03-12 18:06:49 | 🔍 Esperando condiciones de entrada...
2026-03-12 18:06:49 | 📌 Precio debe superar 1.39068 para BUY o caer por debajo de 1.35700 para SELL.
2026-03-12 18:06:51 | 
📊 Precio actual: 1.36224 | High anterior: 1.36342 | Low anterior: 1.35767 | ATR: 0.00018 | Buffer: 0.00002
2026-03-12 18:06:51 | ⏸️ No hay señal de breakout.
2026-03-12 18:06:51 | 🔍 Esperando condiciones de entrada...
2026-03-12 18:06:51 | 📌 Precio debe superar 1.39068 para BUY o caer por debajo de 1.35700 para SELL.
2026-03-12 18:06:53 | 
📊 Precio actual: 1.36224 | High anterior: 1.36342 | Low anterior: 1.35767 | ATR: 0.00018 | Buffer: 0.00002
2026-03-12 18:06:53 | ⏸️ No hay señal de breakout.
2026-03-12 18:06:53 | 🔍 Esperando condiciones de entrada...
2026-03-12 18:06:53 | 📌 Precio debe superar 1.39068 para BUY o caer por debajo de 1.35700 para SELL.
2026-03-12 18:06:55 | 
📊 Precio actual: 1.36224 | High anterior: 1.36342 | Low anterior: 1.35767 | ATR: 0.00018 | Buffer: 0.00002
2026-03-12 18:06:55 | ⏸️ No hay señal de breakout.
2026-03-12 18:06:55 | 🔍 Esperando condiciones de entrada...
2026-03-12 18:06:55 | 📌 Precio debe superar 1.39068 para BUY o caer por debajo de 1.35700 para SELL.
2026-03-12 18:06:57 | 
📊 Precio actual: 1.36224 | High anterior: 1.36342 | Low anterior: 1.35767 | ATR: 0.00018 | Buffer: 0.00002
2026-03-12 18:06:57 | ⏸️ No hay señal de breakout.
2026-03-12 18:06:57 | 🔍 Esperando condiciones de entrada...
2026-03-12 18:06:57 | 📌 Precio debe superar 1.39068 para BUY o caer por debajo de 1.35700 para SELL.
2026-03-12 18:06:59 | 
📊 Precio actual: 1.36224 | High anterior: 1.36342 | Low anterior: 1.35767 | ATR: 0.00018 | Buffer: 0.00002
2026-03-12 18:06:59 | ⏸️ No hay señal de breakout.
2026-03-12 18:06:59 | 🔍 Esperando condiciones de entrada...
2026-03-12 18:06:59 | 📌 Precio debe superar 1.39068 para BUY o caer por debajo de 1.35700 para SELL.
2026-03-12 18:07:01 | 
📊 Precio actual: 1.36224 | High anterior: 1.36342 | Low anterior: 1.35767 | ATR: 0.00018 | Buffer: 0.00002
2026-03-12 18:07:01 | ⏸️ No hay señal de breakout.
2026-03-12 18:07:01 | 🔍 Esperando condiciones de entrada...
2026-03-12 18:07:01 | 📌 Precio debe superar 1.39068 para BUY o caer por debajo de 1.35700 para SELL.
2026-03-12 18:07:03 | 
📊 Precio actual: 1.36224 | High anterior: 1.36342 | Low anterior: 1.35767 | ATR: 0.00018 | Buffer: 0.00002
2026-03-12 18:07:03 | ⏸️ No hay señal de breakout.
2026-03-12 18:07:03 | 🔍 Esperando condiciones de entrada...
2026-03-12 18:07:03 | 📌 Precio debe superar 1.39068 para BUY o caer por debajo de 1.35700 para SELL.
2026-03-12 18:07:05 | 
📊 Precio actual: 1.36224 | High anterior: 1.36342 | Low anterior: 1.35767 | ATR: 0.00018 | Buffer: 0.00002
2026-03-12 18:07:05 | ⏸️ No hay señal de breakout.
2026-03-12 18:07:05 | 🔍 Esperando condiciones de entrada...
2026-03-12 18:07:05 | 📌 Precio debe superar 1.39068 para BUY o caer por debajo de 1.35700 para SELL.
2026-03-12 18:07:07 | 
📊 Precio actual: 1.36224 | High anterior: 1.36342 | Low anterior: 1.35767 | ATR: 0.00018 | Buffer: 0.00002
2026-03-12 18:07:07 | ⏸️ No hay señal de breakout.
2026-03-12 18:07:07 | 🔍 Esperando condiciones de entrada...
2026-03-12 18:07:07 | 📌 Precio debe superar 1.39068 para BUY o caer por debajo de 1.35700 para SELL.
2026-03-12 18:07:09 | 
📊 Precio actual: 1.36224 | High anterior: 1.36342 | Low anterior: 1.35767 | ATR: 0.00018 | Buffer: 0.00002
2026-03-12 18:07:09 | ⏸️ No hay señal de breakout.
2026-03-12 18:07:09 | 🔍 Esperando condiciones de entrada...
2026-03-12 18:07:09 | 📌 Precio debe superar 1.39068 para BUY o caer por debajo de 1.35700 para SELL.
2026-03-12 18:07:11 | 
📊 Precio actual: 1.36224 | High anterior: 1.36342 | Low anterior: 1.35767 | ATR: 0.00018 | Buffer: 0.00002
2026-03-12 18:07:11 | ⏸️ No hay señal de breakout.
2026-03-12 18:07:11 | 🔍 Esperando condiciones de entrada...
2026-03-12 18:07:11 | 📌 Precio debe superar 1.39068 para BUY o caer por debajo de 1.35700 para SELL.
2026-03-12 18:07:13 | 
📊 Precio actual: 1.36224 | High anterior: 1.36342 | Low anterior: 1.35767 | ATR: 0.00018 | Buffer: 0.00002
2026-03-12 18:07:13 | ⏸️ No hay señal de breakout.
2026-03-12 18:07:13 | 🔍 Esperando condiciones de entrada...
2026-03-12 18:07:13 | 📌 Precio debe superar 1.39068 para BUY o caer por debajo de 1.35700 para SELL.
2026-03-12 18:07:15 | 
📊 Precio actual: 1.36224 | High anterior: 1.36342 | Low anterior: 1.35767 | ATR: 0.00018 | Buffer: 0.00002
2026-03-12 18:07:15 | ⏸️ No hay señal de breakout.
2026-03-12 18:07:15 | 🔍 Esperando condiciones de entrada...
2026-03-12 18:07:15 | 📌 Precio debe superar 1.39068 para BUY o caer por debajo de 1.35700 para SELL.
2026-03-12 18:07:17 | 
📊 Precio actual: 1.36224 | High anterior: 1.36342 | Low anterior: 1.35767 | ATR: 0.00018 | Buffer: 0.00002
2026-03-12 18:07:17 | ⏸️ No hay señal de breakout.
2026-03-12 18:07:17 | 🔍 Esperando condiciones de entrada...
2026-03-12 18:07:17 | 📌 Precio debe superar 1.39068 para BUY o caer por debajo de 1.35700 para SELL.
2026-03-12 18:07:19 | 
📊 Precio actual: 1.36224 | High anterior: 1.36342 | Low anterior: 1.35767 | ATR: 0.00018 | Buffer: 0.00002
2026-03-12 18:07:19 | ⏸️ No hay señal de breakout.
2026-03-12 18:07:19 | 🔍 Esperando condiciones de entrada...
2026-03-12 18:07:19 | 📌 Precio debe superar 1.39068 para BUY o caer por debajo de 1.35700 para SELL.
2026-03-12 18:07:21 | 
📊 Precio actual: 1.36224 | High anterior: 1.36342 | Low anterior: 1.35767 | ATR: 0.00018 | Buffer: 0.00002
2026-03-12 18:07:21 | ⏸️ No hay señal de breakout.
2026-03-12 18:07:21 | 🔍 Esperando condiciones de entrada...
2026-03-12 18:07:21 | 📌 Precio debe superar 1.39068 para BUY o caer por debajo de 1.35700 para SELL.
2026-03-12 18:07:23 | 
📊 Precio actual: 1.36224 | High anterior: 1.36342 | Low anterior: 1.35767 | ATR: 0.00018 | Buffer: 0.00002
2026-03-12 18:07:23 | ⏸️ No hay señal de breakout.
2026-03-12 18:07:23 | 🔍 Esperando condiciones de entrada...
2026-03-12 18:07:23 | 📌 Precio debe superar 1.39068 para BUY o caer por debajo de 1.35700 para SELL.
2026-03-12 18:07:25 | 🛑 Bot detenido manualmente por el usuario.
2026-03-12 18:58:45 | position: Position(account='DUP994275', contract=Forex('USDCAD', conId=15016062, localSymbol='USD.CAD', tradingClass='USD.CAD'), position=698242.0, avgCost=1.362669999942713)
2026-03-12 18:58:45 | position: Position(account='DUP994275', contract=Forex('USDCAD', conId=15016062, localSymbol='USD.CAD', tradingClass='USD.CAD'), position=698242.0, avgCost=1.3626973184061792)
2026-03-12 18:59:07 | position: Position(account='DUP994275', contract=Forex('USDCAD', conId=15016062, localSymbol='USD.CAD', tradingClass='USD.CAD'), position=1396505.0, avgCost=1.36267365881151)
2026-03-12 18:59:07 | position: Position(account='DUP994275', contract=Forex('USDCAD', conId=15016062, localSymbol='USD.CAD', tradingClass='USD.CAD'), position=1396505.0, avgCost=1.362687320435673)
2026-03-12 19:05:05 | position: Position(account='DUP994275', contract=Forex('USDCAD', conId=15016062, localSymbol='USD.CAD', tradingClass='USD.CAD'), position=2094717.0, avgCost=1.362684880403902)
2026-03-12 19:05:05 | position: Position(account='DUP994275', contract=Forex('USDCAD', conId=15016062, localSymbol='USD.CAD', tradingClass='USD.CAD'), position=2094717.0, avgCost=1.362693987523057)
2026-03-12 19:06:24 | position: Position(account='DUP994275', contract=Forex('USDCAD', conId=15016062, localSymbol='USD.CAD', tradingClass='USD.CAD'), position=2793030.0, avgCost=1.36264298659962)
2026-03-12 19:06:24 | position: Position(account='DUP994275', contract=Forex('USDCAD', conId=15016062, localSymbol='USD.CAD', tradingClass='USD.CAD'), position=2793030.0, avgCost=1.3626498169541843)
2026-03-12 19:07:26 | position: Position(account='DUP994275', contract=Forex('USDCAD', conId=15016062, localSymbol='USD.CAD', tradingClass='USD.CAD'), position=3491183.0, avgCost=1.36260985833385)
2026-03-12 19:07:26 | position: Position(account='DUP994275', contract=Forex('USDCAD', conId=15016062, localSymbol='USD.CAD', tradingClass='USD.CAD'), position=3491183.0, avgCost=1.362615320631252)
2026-03-12 19:07:29 | position: Position(account='DUP994275', contract=Forex('USDCAD', conId=15016062, localSymbol='USD.CAD', tradingClass='USD.CAD'), position=2491183.0, avgCost=1.362615320631252)
2026-03-12 19:07:29 | position: Position(account='DUP994275', contract=Forex('USDCAD', conId=15016062, localSymbol='USD.CAD', tradingClass='USD.CAD'), position=1491183.0, avgCost=1.362615320631252)
2026-03-12 19:07:29 | position: Position(account='DUP994275', contract=Forex('USDCAD', conId=15016062, localSymbol='USD.CAD', tradingClass='USD.CAD'), position=491183.0, avgCost=1.362615320631252)
2026-03-12 19:07:29 | position: Position(account='DUP994275', contract=Forex('USDCAD', conId=15016062, localSymbol='USD.CAD', tradingClass='USD.CAD'), position=0.0, avgCost=0.0)
2026-03-12 19:07:29 | position: Position(account='DUP994275', contract=Forex('USDCAD', conId=15016062, localSymbol='USD.CAD', tradingClass='USD.CAD'), position=0.0, avgCost=0.0)
2026-03-12 19:07:29 | position: Position(account='DUP994275', contract=Forex('USDCAD', conId=15016062, localSymbol='USD.CAD', tradingClass='USD.CAD'), position=0.0, avgCost=0.0)
2026-03-12 19:07:29 | position: Position(account='DUP994275', contract=Forex('USDCAD', conId=15016062, localSymbol='USD.CAD', tradingClass='USD.CAD'), position=0.0, avgCost=0.0)
2026-03-12 19:07:29 | position: Position(account='DUP994275', contract=Forex('USDCAD', conId=15016062, localSymbol='USD.CAD', tradingClass='USD.CAD'), position=0.0, avgCost=0.0)
2026-03-12 19:19:34 | Error 1100, reqId -1: Conectividad entre IB y TWS ha sido perdida
2026-03-12 19:19:39 | Warning 2103, reqId -1: Se ha perdido la conexi\u00f3n al centro de datos:usfarm.nj
2026-03-12 19:19:39 | Warning 2103, reqId -1: Se ha perdido la conexi\u00f3n al centro de datos:usopt.nj
2026-03-12 19:19:39 | Warning 2157, reqId -1: La conexi\u00f3n de la granja de datos "sec-def" se ha interrumpido:secdefil
2026-03-12 19:19:39 | Warning 2103, reqId -1: Se ha perdido la conexi\u00f3n al centro de datos:usfarm
2026-03-12 19:19:39 | Warning 2103, reqId -1: Se ha perdido la conexi\u00f3n al centro de datos:cashfarm
2026-03-12 19:19:39 | Warning 2105, reqId -1: Se ha perdido la conexi\u00f3n a la granja de datos HMDS:euhmds
2026-03-12 19:19:39 | Warning 2105, reqId -1: Se ha perdido la conexi\u00f3n a la granja de datos HMDS:cashhmds
2026-03-12 19:19:39 | Warning 2105, reqId -1: Se ha perdido la conexi\u00f3n a la granja de datos HMDS:fundfarm
2026-03-12 19:19:39 | Warning 2105, reqId -1: Se ha perdido la conexi\u00f3n a la granja de datos HMDS:ushmds
2026-03-12 19:19:39 | Warning 2108, reqId -1: La conexi\u00f3n al centro de datos est\u00e1 inactiva pero deber\u00eda estar disponible bajo demanda.usopt.nj
2026-03-12 19:19:40 | Warning 2106, reqId -1: La conexi\u00f3n al centro de datos HMDS funciona correctamente:euhmds
2026-03-12 19:19:40 | Warning 2106, reqId -1: La conexi\u00f3n al centro de datos HMDS funciona correctamente:cashhmds
2026-03-12 19:19:40 | Warning 2158, reqId -1: La conexi\u00f3n de la granja de datos "sec-def" funciona correctamente:secdefil
2026-03-12 19:19:40 | Warning 2106, reqId -1: La conexi\u00f3n al centro de datos HMDS funciona correctamente:ushmds
2026-03-12 19:19:40 | Warning 2106, reqId -1: La conexi\u00f3n al centro de datos HMDS funciona correctamente:fundfarm
2026-03-12 19:19:40 | Warning 2104, reqId -1: La conexi\u00f3n al centro de datos funciona correctamente:usfarm.nj
2026-03-12 19:19:40 | Warning 2104, reqId -1: La conexi\u00f3n al centro de datos funciona correctamente:cashfarm
2026-03-12 19:19:40 | Warning 2104, reqId -1: La conexi\u00f3n al centro de datos funciona correctamente:usfarm
2026-03-12 19:19:42 | Warning 2104, reqId -1: La conexi\u00f3n al centro de datos funciona correctamente:usopt.nj
2026-03-12 19:20:10 | Error 1102, reqId -1: Conectividad entre IB y TWS ha sido restaurada - datos mantenidos: Las granjas siguientes est\u00e1n conectadas: usfarm.nj; cashfarm; usfarm; euhmds; cashhmds; fundfarm; ushmds; secdefil. Las granjas siguientes no est\u00e1n conectadas: usopt.nj.
2026-03-12 19:32:51 | position: Position(account='DUP994275', contract=Forex('USDCAD', conId=15016062, localSymbol='USD.CAD', tradingClass='USD.CAD'), position=697899.0, avgCost=1.362289999985671)
2026-03-12 19:32:51 | position: Position(account='DUP994275', contract=Forex('USDCAD', conId=15016062, localSymbol='USD.CAD', tradingClass='USD.CAD'), position=697899.0, avgCost=1.3623173092084284)
2026-03-12 19:33:14 | position: Position(account='DUP994275', contract=Forex('USDCAD', conId=15016062, localSymbol='USD.CAD', tradingClass='USD.CAD'), position=1395836.0, avgCost=1.362258653007411)
2026-03-12 19:33:14 | position: Position(account='DUP994275', contract=Forex('USDCAD', conId=15016062, localSymbol='USD.CAD', tradingClass='USD.CAD'), position=1395836.0, avgCost=1.362272306547606)
2026-03-12 19:33:36 | position: Position(account='DUP994275', contract=Forex('USDCAD', conId=15016062, localSymbol='USD.CAD', tradingClass='USD.CAD'), position=2093754.0, avgCost=1.362218204374623)
2026-03-12 19:33:36 | position: Position(account='DUP994275', contract=Forex('USDCAD', conId=15016062, localSymbol='USD.CAD', tradingClass='USD.CAD'), position=2093754.0, avgCost=1.362227305216768)
2026-03-12 19:33:39 | position: Position(account='DUP994275', contract=Forex('USDCAD', conId=15016062, localSymbol='USD.CAD', tradingClass='USD.CAD'), position=1093754.0, avgCost=1.362227305216768)
2026-03-12 19:33:39 | position: Position(account='DUP994275', contract=Forex('USDCAD', conId=15016062, localSymbol='USD.CAD', tradingClass='USD.CAD'), position=93754.0, avgCost=1.362227305216768)
2026-03-12 19:33:39 | position: Position(account='DUP994275', contract=Forex('USDCAD', conId=15016062, localSymbol='USD.CAD', tradingClass='USD.CAD'), position=0.0, avgCost=0.0)
2026-03-12 19:33:39 | position: Position(account='DUP994275', contract=Forex('USDCAD', conId=15016062, localSymbol='USD.CAD', tradingClass='USD.CAD'), position=0.0, avgCost=0.0)
2026-03-12 19:33:39 | position: Position(account='DUP994275', contract=Forex('USDCAD', conId=15016062, localSymbol='USD.CAD', tradingClass='USD.CAD'), position=0.0, avgCost=0.0)
2026-03-12 19:33:39 | position: Position(account='DUP994275', contract=Forex('USDCAD', conId=15016062, localSymbol='USD.CAD', tradingClass='USD.CAD'), position=0.0, avgCost=0.0)
